ethernetif_fix.c:138:6:HAL_ETH_MspInit	64	static
ethernetif_fix.c:202:6:HAL_ETH_MspDeInit	16	static
ethernetif_fix.c:245:6:HAL_ETH_RxCpltCallback	16	static
ethernetif_fix.c:264:13:low_level_init	184	static
ethernetif_fix.c:434:14:low_level_output	96	static,ignoring_inline_asm
ethernetif_fix.c:483:22:low_level_input	104	static,ignoring_inline_asm
ethernetif_fix.c:529:6:ethernetif_input	24	static
ethernetif_fix.c:589:7:ethernetif_init	16	static
ethernetif_fix.c:633:6:pbuf_free_custom	24	static
ethernetif_fix.c:648:7:sys_jiffies	8	static
ethernetif_fix.c:659:7:sys_now	8	static
ethernetif_fix.c:674:9:ETH_PHY_IO_Init	8	static
ethernetif_fix.c:691:9:ETH_PHY_IO_DeInit	4	static
ethernetif_fix.c:703:9:ETH_PHY_IO_ReadReg	24	static
ethernetif_fix.c:720:9:ETH_PHY_IO_WriteReg	24	static
ethernetif_fix.c:734:9:ETH_PHY_IO_GetTick	8	static
ethernetif_fix.c:744:6:ethernet_link_thread	136	static
