core_cm7.h:1890:26:__NVIC_GetPriorityGrouping	4	static
core_cm7.h:1902:22:__NVIC_EnableIRQ	16	static,ignoring_inline_asm
core_cm7.h:2032:22:__NVIC_SetPriority	16	static
core_cm7.h:2079:26:NVIC_EncodePriority	40	static
stm32h7xx_ll_system.h:617:22:LL_SYSCFG_SetEXTISource	32	static,ignoring_inline_asm
stm32h7xx_ll_gpio.h:279:22:LL_GPIO_SetPinMode	24	static
stm32h7xx_ll_gpio.h:487:22:LL_GPIO_SetPinPull	24	static
stm32h7xx_ll_gpio.h:885:22:LL_GPIO_SetOutputPin	16	static
stm32h7xx_ll_gpio.h:914:22:LL_GPIO_ResetOutputPin	16	static
stm32h7xx_ll_gpio.h:943:22:LL_GPIO_TogglePin	24	static
stm32h7xx_ll_bus.h:1385:22:LL_AHB4_GRP1_EnableClock	24	static
main.c:124:5:main	24	static,ignoring_inline_asm
main.c:237:6:SystemClock_Config	120	static
main.c:298:6:PeriphCommonClock_Config	200	static
main.c:335:13:MX_I2C3_Init	8	static
main.c:381:13:MX_I2C4_Init	8	static
main.c:427:13:MX_SPI2_Init	8	static
main.c:475:13:MX_SPI3_Init	8	static
main.c:523:13:MX_SPI4_Init	8	static
main.c:571:13:MX_SPI5_Init	8	static
main.c:619:13:MX_GPIO_Init	48	static
main.c:804:6:StartDefaultTask	16	static
main.c:824:6:StartLEDTask	16	static
main.c:843:6:StartTriggerTask	24	static
main.c:862:6:MPU_Config	24	static
main.c:905:6:HAL_TIM_PeriodElapsedCallback	16	static
main.c:922:6:Error_Handler	4	static,ignoring_inline_asm
