stm32h7xx_ll_spi.h:1079:22:LL_SPI_SetStandard	16	static
stm32h7xx_ll_spi.h:1617:22:LL_SPI_EnableNSSPulseMgt	16	static
stm32h7xx_ll_bus.h:1385:22:LL_AHB4_GRP1_EnableClock	24	static
stm32h7xx_ll_bus.h:1863:22:LL_APB1_GRP1_EnableClock	24	static
stm32h7xx_ll_bus.h:2481:22:LL_APB2_GRP1_EnableClock	24	static
main.c:98:5:main	24	static,ignoring_inline_asm
main.c:202:6:SystemClock_Config	120	static
main.c:263:6:PeriphCommonClock_Config	200	static
main.c:290:13:MX_I2C3_Init	8	static
main.c:336:13:MX_I2C4_Init	8	static
main.c:382:13:MX_SPI2_Init	72	static
main.c:448:13:MX_SPI3_Init	72	static
main.c:504:13:MX_SPI4_Init	264	static
main.c:571:13:MX_SPI5_Init	264	static
main.c:638:13:MX_GPIO_Init	64	static
main.c:773:6:StartDefaultTask	16	static
main.c:793:6:StartLEDTask	16	static
main.c:807:6:MPU_Config	24	static
main.c:850:6:HAL_TIM_PeriodElapsedCallback	16	static
main.c:867:6:Error_Handler	4	static,ignoring_inline_asm
