stm32h7xx_ll_exti.h:2485:26:LL_EXTI_IsActiveFlag_0_31	16	static
stm32h7xx_ll_exti.h:2629:22:LL_EXTI_ClearFlag_0_31	16	static
stm32h7xx_it.c:75:6:NMI_Handler	8	static
stm32h7xx_it.c:91:6:HardFault_Handler	4	static
stm32h7xx_it.c:106:6:MemManage_Handler	4	static
stm32h7xx_it.c:121:6:BusFault_Handler	4	static
stm32h7xx_it.c:136:6:UsageFault_Handler	4	static
stm32h7xx_it.c:151:6:DebugMon_Handler	4	static
stm32h7xx_it.c:171:6:TIM1_UP_IRQHandler	8	static
stm32h7xx_it.c:185:6:EXTI15_10_IRQHandler	8	static
stm32h7xx_it.c:208:6:ETH_IRQHandler	8	static
