result.c:28:6:Result	32	static
result.c:102:13:Result_CS	4	static
result.c:107:13:Result_CP	4	static
result.c:113:13:Result_Q	4	static
result.c:118:13:Result_D	4	static
result.c:124:13:Result_LS	4	static
result.c:129:13:Result_LP	4	static
result.c:135:13:Result_RP	4	static
result.c:141:13:Result_MLIN	8	static
result.c:146:13:Result_PHAS	8	static
result.c:151:13:Result_REAL	4	static
result.c:156:13:Result_G	4	static
result.c:161:13:Result_IMAG	4	static
result.c:166:13:Result_B	4	static
result.c:171:13:Result_Y	8	static
result.c:176:13:Result_Reset	4	static
