stm32h7xx_ll_rcc.h:1691:26:LL_RCC_HSE_IsReady	4	static
stm32h7xx_ll_rcc.h:1729:26:LL_RCC_HSI_IsReady	4	static
stm32h7xx_ll_rcc.h:1768:26:LL_RCC_HSI_GetDivider	4	static
stm32h7xx_ll_rcc.h:1888:26:LL_RCC_CSI_IsReady	4	static
stm32h7xx_ll_rcc.h:2021:26:LL_RCC_HSI48_IsReady	4	static
stm32h7xx_ll_rcc.h:2349:26:LL_RCC_LSE_IsReady	4	static
stm32h7xx_ll_rcc.h:2387:26:LL_RCC_LSI_IsReady	4	static
stm32h7xx_ll_rcc.h:2424:26:LL_RCC_GetSysClkSource	4	static
stm32h7xx_ll_rcc.h:2621:26:LL_RCC_GetSysPrescaler	4	static
stm32h7xx_ll_rcc.h:2644:26:LL_RCC_GetAHBPrescaler	4	static
stm32h7xx_ll_rcc.h:2663:26:LL_RCC_GetAPB1Prescaler	4	static
stm32h7xx_ll_rcc.h:2682:26:LL_RCC_GetAPB2Prescaler	4	static
stm32h7xx_ll_rcc.h:2701:26:LL_RCC_GetAPB3Prescaler	4	static
stm32h7xx_ll_rcc.h:2720:26:LL_RCC_GetAPB4Prescaler	4	static
stm32h7xx_ll_rcc.h:3471:26:LL_RCC_GetClockSource	24	static
stm32h7xx_ll_rcc.h:3502:26:LL_RCC_GetUSARTClockSource	16	static
stm32h7xx_ll_rcc.h:3520:26:LL_RCC_GetLPUARTClockSource	16	static
stm32h7xx_ll_rcc.h:3547:26:LL_RCC_GetI2CClockSource	16	static
stm32h7xx_ll_rcc.h:3582:26:LL_RCC_GetLPTIMClockSource	16	static
stm32h7xx_ll_rcc.h:3636:26:LL_RCC_GetSAIClockSource	16	static
stm32h7xx_ll_rcc.h:3650:26:LL_RCC_GetSDMMCClockSource	16	static
stm32h7xx_ll_rcc.h:3671:26:LL_RCC_GetRNGClockSource	16	static
stm32h7xx_ll_rcc.h:3692:26:LL_RCC_GetUSBClockSource	16	static
stm32h7xx_ll_rcc.h:3712:26:LL_RCC_GetCECClockSource	16	static
stm32h7xx_ll_rcc.h:3748:26:LL_RCC_GetDFSDMClockSource	16	static
stm32h7xx_ll_rcc.h:3786:26:LL_RCC_GetFMCClockSource	16	static
stm32h7xx_ll_rcc.h:3808:26:LL_RCC_GetQSPIClockSource	16	static
stm32h7xx_ll_rcc.h:3848:26:LL_RCC_GetCLKPClockSource	16	static
stm32h7xx_ll_rcc.h:3889:26:LL_RCC_GetSPIClockSource	16	static
stm32h7xx_ll_rcc.h:3905:26:LL_RCC_GetSPDIFClockSource	16	static
stm32h7xx_ll_rcc.h:3925:26:LL_RCC_GetFDCANClockSource	16	static
stm32h7xx_ll_rcc.h:3944:26:LL_RCC_GetSWPClockSource	16	static
stm32h7xx_ll_rcc.h:3964:26:LL_RCC_GetADCClockSource	16	static
stm32h7xx_ll_rcc.h:4317:26:LL_RCC_PLL_GetSource	4	static
stm32h7xx_ll_rcc.h:4348:26:LL_RCC_PLL1_IsReady	4	static
stm32h7xx_ll_rcc.h:4401:26:LL_RCC_PLL1P_IsEnabled	4	static
stm32h7xx_ll_rcc.h:4411:26:LL_RCC_PLL1Q_IsEnabled	4	static
stm32h7xx_ll_rcc.h:4421:26:LL_RCC_PLL1R_IsEnabled	4	static
stm32h7xx_ll_rcc.h:4431:26:LL_RCC_PLL1FRACN_IsEnabled	4	static
stm32h7xx_ll_rcc.h:4514:26:LL_RCC_PLL1_GetN	4	static
stm32h7xx_ll_rcc.h:4524:26:LL_RCC_PLL1_GetM	4	static
stm32h7xx_ll_rcc.h:4534:26:LL_RCC_PLL1_GetP	4	static
stm32h7xx_ll_rcc.h:4544:26:LL_RCC_PLL1_GetQ	4	static
stm32h7xx_ll_rcc.h:4554:26:LL_RCC_PLL1_GetR	4	static
stm32h7xx_ll_rcc.h:4564:26:LL_RCC_PLL1_GetFRACN	4	static
stm32h7xx_ll_rcc.h:4662:26:LL_RCC_PLL2_IsReady	4	static
stm32h7xx_ll_rcc.h:4715:26:LL_RCC_PLL2P_IsEnabled	4	static
stm32h7xx_ll_rcc.h:4725:26:LL_RCC_PLL2Q_IsEnabled	4	static
stm32h7xx_ll_rcc.h:4735:26:LL_RCC_PLL2R_IsEnabled	4	static
stm32h7xx_ll_rcc.h:4745:26:LL_RCC_PLL2FRACN_IsEnabled	4	static
stm32h7xx_ll_rcc.h:4828:26:LL_RCC_PLL2_GetN	4	static
stm32h7xx_ll_rcc.h:4838:26:LL_RCC_PLL2_GetM	4	static
stm32h7xx_ll_rcc.h:4848:26:LL_RCC_PLL2_GetP	4	static
stm32h7xx_ll_rcc.h:4858:26:LL_RCC_PLL2_GetQ	4	static
stm32h7xx_ll_rcc.h:4868:26:LL_RCC_PLL2_GetR	4	static
stm32h7xx_ll_rcc.h:4878:26:LL_RCC_PLL2_GetFRACN	4	static
stm32h7xx_ll_rcc.h:4974:26:LL_RCC_PLL3_IsReady	4	static
stm32h7xx_ll_rcc.h:5027:26:LL_RCC_PLL3P_IsEnabled	4	static
stm32h7xx_ll_rcc.h:5037:26:LL_RCC_PLL3Q_IsEnabled	4	static
stm32h7xx_ll_rcc.h:5047:26:LL_RCC_PLL3R_IsEnabled	4	static
stm32h7xx_ll_rcc.h:5057:26:LL_RCC_PLL3FRACN_IsEnabled	4	static
stm32h7xx_ll_rcc.h:5140:26:LL_RCC_PLL3_GetN	4	static
stm32h7xx_ll_rcc.h:5150:26:LL_RCC_PLL3_GetM	4	static
stm32h7xx_ll_rcc.h:5160:26:LL_RCC_PLL3_GetP	4	static
stm32h7xx_ll_rcc.h:5170:26:LL_RCC_PLL3_GetQ	4	static
stm32h7xx_ll_rcc.h:5180:26:LL_RCC_PLL3_GetR	4	static
stm32h7xx_ll_rcc.h:5190:26:LL_RCC_PLL3_GetFRACN	4	static
stm32h7xx_ll_rcc.c:118:6:LL_RCC_DeInit	8	static
stm32h7xx_ll_rcc.c:258:6:LL_RCC_GetSystemClocksFreq	16	static
stm32h7xx_ll_rcc.c:284:6:LL_RCC_GetPLL1ClockFreq	48	static
stm32h7xx_ll_rcc.c:358:6:LL_RCC_GetPLL2ClockFreq	48	static
stm32h7xx_ll_rcc.c:432:6:LL_RCC_GetPLL3ClockFreq	48	static
stm32h7xx_ll_rcc.c:513:10:LL_RCC_CalcPLLClockFreq	32	static
stm32h7xx_ll_rcc.c:532:10:LL_RCC_GetUSARTClockFreq	40	static
stm32h7xx_ll_rcc.c:607:10:LL_RCC_GetLPUARTClockFreq	40	static
stm32h7xx_ll_rcc.c:671:10:LL_RCC_GetI2CClockFreq	40	static
stm32h7xx_ll_rcc.c:731:10:LL_RCC_GetLPTIMClockFreq	40	static
stm32h7xx_ll_rcc.c:816:10:LL_RCC_GetSAIClockFreq	32	static
stm32h7xx_ll_rcc.c:928:10:LL_RCC_GetADCClockFreq	32	static
stm32h7xx_ll_rcc.c:970:10:LL_RCC_GetSDMMCClockFreq	32	static
stm32h7xx_ll_rcc.c:1008:10:LL_RCC_GetRNGClockFreq	32	static
stm32h7xx_ll_rcc.c:1059:10:LL_RCC_GetCECClockFreq	24	static
stm32h7xx_ll_rcc.c:1101:10:LL_RCC_GetUSBClockFreq	32	static
stm32h7xx_ll_rcc.c:1147:10:LL_RCC_GetDFSDMClockFreq	32	static
stm32h7xx_ll_rcc.c:1246:10:LL_RCC_GetSPDIFClockFreq	32	static
stm32h7xx_ll_rcc.c:1301:10:LL_RCC_GetSPIClockFreq	40	static
stm32h7xx_ll_rcc.c:1411:10:LL_RCC_GetSWPClockFreq	32	static
stm32h7xx_ll_rcc.c:1443:10:LL_RCC_GetFDCANClockFreq	32	static
stm32h7xx_ll_rcc.c:1488:10:LL_RCC_GetFMCClockFreq	40	static
stm32h7xx_ll_rcc.c:1535:10:LL_RCC_GetQSPIClockFreq	40	static
stm32h7xx_ll_rcc.c:1631:10:LL_RCC_GetCLKPClockFreq	24	static
stm32h7xx_ll_rcc.c:1682:17:RCC_GetSystemClockFreq	24	static
stm32h7xx_ll_rcc.c:1721:17:RCC_GetHCLKClockFreq	16	static
stm32h7xx_ll_rcc.c:1732:17:RCC_GetPCLK1ClockFreq	16	static
stm32h7xx_ll_rcc.c:1743:17:RCC_GetPCLK2ClockFreq	16	static
stm32h7xx_ll_rcc.c:1754:17:RCC_GetPCLK3ClockFreq	16	static
stm32h7xx_ll_rcc.c:1765:17:RCC_GetPCLK4ClockFreq	16	static
